// Jest Snapshot v1, https://goo.gl/fbAQLP

exports[`renders snapshot as expected 1`] = `
<main
  className="main"
>
  <header
    className="header"
  >
    <div
      className="col-cont"
    >
      <div
        className="lfb-cont"
      >
        <span
          className="learnflexbox"
        >
          #
          <h1>
            learn
            <span>
              flexbox
            </span>
          </h1>
        </span>
      </div>
    </div>
    <div
      className="col-char"
    >
      <img
        alt="character"
        className="char"
        src="char-001.svg"
      />
    </div>
  </header>
  <div
    className="control_panel_wrapper"
  >
    <div
      className="control_panel"
      style={
        Object {
          "backgroundImage": "url(bg02.png)",
        }
      }
    >
      <div
        className="pro-tips-col"
      >
        <span
          className="pro-tips-title"
        >
          <h2>
            Try the Flexbox Generator!
          </h2>
        </span>
      </div>
      <div
        className="control"
      >
        <button
          act_status={false}
          className="control_switch"
          onClick={[Function]}
          style={
            Object {
              "background": "#c8c8c8",
              "border": "none",
              "borderRadius": "6px",
              "cursor": "pointer",
              "margin": "2px",
            }
          }
          type="button"
        />
        <button
          act_status={false}
          className="control_switch"
          onClick={[Function]}
          style={
            Object {
              "background": "#c8c8c8",
              "border": "none",
              "borderRadius": "6px",
              "cursor": "pointer",
              "margin": "2px",
            }
          }
          type="button"
        />
        <button
          act_status={false}
          className="control_switch"
          onClick={[Function]}
          style={
            Object {
              "background": "#c8c8c8",
              "border": "none",
              "borderRadius": "6px",
              "cursor": "pointer",
              "margin": "2px",
            }
          }
          type="button"
        />
        <button
          act_status={false}
          className="control_switch"
          onClick={[Function]}
          style={
            Object {
              "background": "#c8c8c8",
              "border": "none",
              "borderRadius": "6px",
              "cursor": "pointer",
              "margin": "2px",
            }
          }
          type="button"
        />
        <button
          act_status={false}
          className="control_switch"
          onClick={[Function]}
          style={
            Object {
              "background": "#c8c8c8",
              "border": "none",
              "borderRadius": "6px",
              "cursor": "pointer",
              "margin": "2px",
            }
          }
          type="button"
        />
        <button
          act_status={false}
          className="control_switch"
          onClick={[Function]}
          style={
            Object {
              "background": "#c8c8c8",
              "border": "none",
              "borderRadius": "6px",
              "cursor": "pointer",
              "margin": "2px",
            }
          }
          type="button"
        />
        <button
          act_status={false}
          className="control_switch"
          onClick={[Function]}
          style={
            Object {
              "background": "#c8c8c8",
              "border": "none",
              "borderRadius": "6px",
              "cursor": "pointer",
              "margin": "2px",
            }
          }
          type="button"
        />
        <button
          act_status={false}
          className="control_switch"
          onClick={[Function]}
          style={
            Object {
              "background": "#c8c8c8",
              "border": "none",
              "borderRadius": "6px",
              "cursor": "pointer",
              "margin": "2px",
            }
          }
          type="button"
        />
        <button
          act_status={false}
          className="control_switch"
          onClick={[Function]}
          style={
            Object {
              "background": "#c8c8c8",
              "border": "none",
              "borderRadius": "6px",
              "cursor": "pointer",
              "margin": "2px",
            }
          }
          type="button"
        />
      </div>
    </div>
  </div>
  <div
    className="control-response"
  >
    <div
      className="footer-img"
    >
      <img
        alt="char"
        src="char-002.svg"
      />
    </div>
    <div
      className="codeblock empty"
    >
      Try clicking above!
    </div>
  </div>
  <footer>
    <p>
      2020
    </p>
  </footer>
</main>
`;
